*-------------------*
| X |   |   | O |   |
|---+---+---+---+---|
|   | X |   |   | O |
|---+---+---+---+---|
| O |   | X |   |   |
|---+---+---+---+---|
|   | O |   | X |   |
|---+---+---+---+---|
|   |   | O |   | X |
*-------------------*

X = [ 5, 4, 3, 2, 1 ]
O = [ 3, 2, 1, 5, 4 ]

tb = -6
r = 1

 
Calculating graph for LL invariant
*-------------------*
| X |   |   | O |   |
@---+---+---+---+---|
|   | X |   |   | O |
|---@---+---+---+---|
| O |   | X |   |   |
|---+---@---+---+---|
|   | O |   | X |   |
|---+---+---@---+---|
|   |   | O |   | X |
*---------------@---*

2A(x^-) = M(x^-) = -4

LL is null-homologous

Calculating graph for UR invariant
*-------------------*
| X |   |   | O |   |
|---+---@---+---+---|
|   | X |   |   | O |
|---+---+---@---+---|
| O |   | X |   |   |
|---+---+---+---@---|
|   | O |   | X |   |
@---+---+---+---+---|
|   |   | O |   | X |
*---@---------------*

2A(x^+) = M(x^+) = sl(x^+)+1 = -6

UR is null-homologous

Calculating graph for D1[LL] invariant
*-------------------*
| X |   |   | O |   |
@---+---+---+---+---|
|   | X |   |   | O |
|---@---+---+---+---|
| O |   | X |   |   |
|---+---@---+---+---|
|   | O |   | X |   |
|---+---+---@---+---|
|   |   | O |   | X |
*---------------@---*

2A(x^-) = M(x^-) = -4

D1[LL] is NOT null-homologous

Calculating graph for D1[UR] invariant
*-------------------*
| X |   |   | O |   |
|---+---@---+---+---|
|   | X |   |   | O |
|---+---+---@---+---|
| O |   | X |   |   |
|---+---+---+---@---|
|   | O |   | X |   |
@---+---+---+---+---|
|   |   | O |   | X |
*---@---------------*

2A(x^+) = M(x^+) = sl(x^+)+1 = -6

D1[UR] is NOT null-homologous
