
 
Calculating graph for LL invariant
*-------------------*
| X |   |   | O |   |
@---+---+---+---+---|
|   | X |   |   | O |
|---@---+---+---+---|
| O |   | X |   |   |
|---+---@---+---+---|
|   | O |   | X |   |
|---+---+---@---+---|
|   |   | O |   | X |
*---------------@---*

2A=M=SL+1=-4
Gathering A_1:
[0->1]
[1->1]
[2->1]
[3->1]
[4->1]
[5->1]

Gathering B_1:
[0->1]
[1->1]
[2->1]
[3->1]
[4->1]
[5->1]

Contracting edges from 0 to 1:

No edges pointing out of A_0!
LL is null-homologous

 
Calculating graph for UR invariant
*-------------------*
| X |   |   | O |   |
|---+---@---+---+---|
|   | X |   |   | O |
|---+---+---@---+---|
| O |   | X |   |   |
|---+---+---+---@---|
|   | O |   | X |   |
@---+---+---+---+---|
|   |   | O |   | X |
*---@---------------*

2A=M=SL+1=-4
Gathering A_1:
[0->1]
[1->1]
[2->1]
[3->1]
[4->1]
[5->1]

Gathering B_1:
[0->1]
[1->1]
[2->1]
[3->1]
[4->1]
[5->1]

Contracting edges from 0 to 1:

No edges pointing out of A_0!
UR is null-homologous

 
Calculating graph for D1[LL] invariant
*-------------------*
| X |   |   | O |   |
@---+---+---+---+---|
|   | X |   |   | O |
|---@---+---+---+---|
| O |   | X |   |   |
|---+---@---+---+---|
|   | O |   | X |   |
|---+---+---@---+---|
|   |   | O |   | X |
*---------------@---*

2A=M=SL+1=-4
D1[LL] is NOT null-homologous

 
Calculating graph for D1[UR] invariant
*-------------------*
| X |   |   | O |   |
|---+---@---+---+---|
|   | X |   |   | O |
|---+---+---@---+---|
| O |   | X |   |   |
|---+---+---+---@---|
|   | O |   | X |   |
@---+---+---+---+---|
|   |   | O |   | X |
*---@---------------*

2A=M=SL+1=-4
D1[UR] is NOT null-homologous
