*-------------------*
| X |   |   | O |   |
|---+---+---+---+---|
|   | X |   |   | O |
|---+---+---+---+---|
| O |   | X |   |   |
|---+---+---+---+---|
|   | O |   | X |   |
|---+---+---+---+---|
|   |   | O |   | X |
*-------------------*

X = [ 5, 4, 3, 2, 1 ]
O = [ 3, 2, 1, 5, 4 ]

tb = -6
r = 1

Calculating graph for lifted invariant.
Sheet 0:
*-------------------*
| X |   |   | O |   |
|---+---@---+---+---|
|   | X |   |   | O |
|---+---+---@---+---|
| O |   | X |   |   |
|---+---+---+---@---|
|   | O |   | X |   |
@---+---+---+---+---|
|   |   | O |   | X |
*---@---------------*

Sheet 1: {2,1,5,4,3}
Sheet 2: {2,1,5,4,3}

Gathering A_1:
[15 -> 1]
[14 -> 1]
[13 -> 1]
[12 -> 1]
[11 -> 1]
[10 -> 1]
[9 -> 1]
[8 -> 1]
[7 -> 1]
[6 -> 1]
[5 -> 1]
[4 -> 1]
[3 -> 1]
[2 -> 1]
[1 -> 1]

Gathering B_1:
[15 -> 1]
[14 -> 1]
[13 -> 1]
[12 -> 1]
[11 -> 1]
[10 -> 1]
[9 -> 1]
[8 -> 1]
[7 -> 1]
[6 -> 1]
[5 -> 1]
[4 -> 1]
[3 -> 1]
[2 -> 1]
[1 -> 1]

Full edge list:
[0 -> 1]
[1 -> 1]
[2 -> 1]
[3 -> 1]
[4 -> 1]
[5 -> 1]
[6 -> 1]
[7 -> 1]
[8 -> 1]
[9 -> 1]
[10 -> 1]
[11 -> 1]
[12 -> 1]
[13 -> 1]
[14 -> 1]
[15 -> 1]

Contracting edges from 0 to 1:

No edges pointing out of A_0!
theta_3 is null-homologous
