transverseHFK: ArcIndex must be a non-negative integer greater than 1.
