theta_2 is null-homologous
theta_2 is NOT null-homologous
theta_3 is null-homologous
theta_3 is NOT null-homologous
theta_4 is null-homologous
theta_4 is NOT null-homologous
theta_5 is null-homologous
theta_5 is NOT null-homologous
theta_6 is null-homologous
theta_6 is NOT null-homologous
theta_7 is null-homologous
theta_7 is NOT null-homologous
theta_8 is null-homologous
theta_8 is NOT null-homologous
theta_9 is null-homologous
theta_9 is NOT null-homologous
theta_10 is null-homologous
theta_10 is NOT null-homologous
theta_11 is null-homologous
theta_11 is NOT null-homologous
theta_12 is null-homologous
theta_12 is NOT null-homologous
theta_13 is null-homologous
theta_13 is NOT null-homologous
theta_14 is NOT null-homologous
theta_15 is null-homologous
theta_15 is NOT null-homologous
