LL is null-homologous
UR is null-homologous
D1[LL] is null-homologous
D1[UR] is null-homologous
theta_2 is null-homologous
theta_3 is null-homologous
theta_4 is null-homologous
LL is null-homologous
UR is null-homologous
D1[LL] is null-homologous
D1[UR] is null-homologous
theta_2 is null-homologous
theta_3 is null-homologous
theta_4 is null-homologous
LL is null-homologous
UR is null-homologous
D1[LL] is null-homologous
D1[UR] is null-homologous
theta_2 is null-homologous
theta_3 is null-homologous
theta_4 is null-homologous
LL is null-homologous
UR is null-homologous
D1[LL] is null-homologous
D1[UR] is null-homologous
theta_2 is null-homologous
theta_3 is null-homologous
theta_4 is null-homologous
LL is null-homologous
UR is null-homologous
D1[LL] is null-homologous
D1[UR] is null-homologous
theta_2 is null-homologous
theta_3 is null-homologous
theta_4 is null-homologous
LL is null-homologous
UR is null-homologous
D1[LL] is null-homologous
D1[UR] is null-homologous
theta_2 is null-homologous
theta_3 is null-homologous
theta_4 is null-homologous
LL is null-homologous
UR is null-homologous
D1[LL] is null-homologous
D1[UR] is null-homologous
theta_2 is null-homologous
theta_3 is null-homologous
theta_4 is null-homologous
LL is null-homologous
UR is null-homologous
D1[LL] is null-homologous
D1[UR] is null-homologous
theta_2 is null-homologous
theta_3 is null-homologous
theta_4 is null-homologous
LL is null-homologous
UR is null-homologous
D1[LL] is null-homologous
D1[UR] is null-homologous
theta_2 is null-homologous
theta_3 is null-homologous
theta_4 is null-homologous
LL is null-homologous
UR is null-homologous
D1[LL] is null-homologous
D1[UR] is null-homologous
theta_2 is null-homologous
theta_3 is null-homologous
theta_4 is null-homologous
LL is null-homologous
UR is null-homologous
D1[LL] is null-homologous
D1[UR] is null-homologous
theta_2 is null-homologous
theta_3 is null-homologous
theta_4 is null-homologous
LL is null-homologous
UR is null-homologous
D1[LL] is null-homologous
D1[UR] is null-homologous
theta_2 is null-homologous
theta_3 is null-homologous
theta_4 is null-homologous
LL is null-homologous
UR is null-homologous
D1[LL] is null-homologous
D1[UR] is null-homologous
theta_2 is null-homologous
theta_3 is null-homologous
theta_4 is null-homologous
LL is null-homologous
UR is null-homologous
D1[LL] is null-homologous
D1[UR] is null-homologous
theta_2 is null-homologous
theta_3 is null-homologous
theta_4 is null-homologous
LL is null-homologous
UR is null-homologous
D1[LL] is null-homologous
D1[UR] is null-homologous
theta_2 is null-homologous
theta_3 is null-homologous
theta_4 is null-homologous
LL is null-homologous
UR is null-homologous
D1[LL] is null-homologous
D1[UR] is null-homologous
theta_2 is null-homologous
theta_3 is null-homologous
theta_4 is null-homologous
LL is null-homologous
UR is null-homologous
D1[LL] is null-homologous
D1[UR] is null-homologous
theta_2 is null-homologous
theta_3 is null-homologous
theta_4 is null-homologous
LL is null-homologous
UR is null-homologous
D1[LL] is null-homologous
D1[UR] is null-homologous
theta_2 is null-homologous
theta_3 is null-homologous
theta_4 is null-homologous
LL is null-homologous
UR is null-homologous
D1[LL] is null-homologous
D1[UR] is null-homologous
theta_2 is null-homologous
theta_3 is null-homologous
theta_4 is null-homologous
LL is null-homologous
UR is null-homologous
D1[LL] is null-homologous
D1[UR] is null-homologous
theta_2 is null-homologous
theta_3 is null-homologous
theta_4 is null-homologous
LL is null-homologous
UR is null-homologous
D1[LL] is null-homologous
D1[UR] is null-homologous
theta_2 is null-homologous
theta_3 is null-homologous
theta_4 is null-homologous
LL is null-homologous
UR is null-homologous
D1[LL] is null-homologous
D1[UR] is null-homologous
theta_2 is null-homologous
theta_3 is null-homologous
theta_4 is null-homologous
LL is null-homologous
UR is null-homologous
D1[LL] is null-homologous
D1[UR] is null-homologous
theta_2 is null-homologous
theta_3 is null-homologous
theta_4 is null-homologous
