LL is NOT null-homologous
UR is null-homologous
D1[LL] is NOT null-homologous
D1[UR] is null-homologous
