LL is NOT null-homologous
UR is NOT null-homologous
D1[LL] is null-homologous
D1[UR] is NOT null-homologous
