LL is null-homologous
UR is NOT null-homologous
Timeout reached. Terminating
